[    0.000000] Linux version 4.15.0-126-generic (buildd@lcy01-amd64-024) (gcc version 7.5.0 (Ubuntu 7.5.0-3ubuntu1~18.04)) #129-Ubuntu SMP Mon Nov 23 18:53:38 UTC 2020 (Ubuntu 4.15.0-126.129-generic 4.15.18)
[    0.000000] Command line: BOOT_IMAGE=/boot/vmlinuz-4.15.0-126-generic root=LABEL=cloudimg-rootfs ro console=tty1 console=ttyS0
[    0.000000] KERNEL supported cpus:
[    0.000000]   Intel GenuineIntel
[    0.000000]   AMD AuthenticAMD
[    0.000000]   Centaur CentaurHauls
[    0.000000] x86/fpu: Supporting XSAVE feature 0x001: 'x87 floating point registers'
[    0.000000] x86/fpu: Supporting XSAVE feature 0x002: 'SSE registers'
[    0.000000] x86/fpu: Supporting XSAVE feature 0x004: 'AVX registers'
[    0.000000] x86/fpu: xstate_offset[2]:  576, xstate_sizes[2]:  256
[    0.000000] x86/fpu: Enabled xstate features 0x7, context size is 832 bytes, using 'standard' format.
[    0.000000] e820: BIOS-provided physical RAM map:
[    0.000000] BIOS-e820: [mem 0x0000000000000000-0x000000000009fbff] usable
[    0.000000] BIOS-e820: [mem 0x000000000009fc00-0x000000000009ffff] reserved
[    0.000000] BIOS-e820: [mem 0x00000000000f0000-0x00000000000fffff] reserved
[    0.000000] BIOS-e820: [mem 0x0000000000100000-0x000000003ffeffff] usable
[    0.000000] BIOS-e820: [mem 0x000000003fff0000-0x000000003fffffff] ACPI data
[    0.000000] BIOS-e820: [mem 0x00000000fec00000-0x00000000fec00fff] reserved
[    0.000000] BIOS-e820: [mem 0x00000000fee00000-0x00000000fee00fff] reserved
[    0.000000] BIOS-e820: [mem 0x00000000fffc0000-0x00000000ffffffff] reserved
[    0.000000] NX (Execute Disable) protection: active
[    0.000000] SMBIOS 2.5 present.
[    0.000000] DMI: innotek GmbH VirtualBox/VirtualBox, BIOS VirtualBox 12/01/2006
[    0.000000] Hypervisor detected: KVM
[    0.000000] e820: last_pfn = 0x3fff0 max_arch_pfn = 0x400000000
[    0.000000] MTRR: Disabled
[    0.000000] x86/PAT: MTRRs disabled, skipping PAT initialization too.
[    0.000000] CPU MTRRs all blank - virtualized system.
[    0.000000] x86/PAT: Configuration [0-7]: WB  WT  UC- UC  WB  WT  UC- UC  
[    0.000000] found SMP MP-table at [mem 0x0009fff0-0x0009ffff]
[    0.000000] Scanning 1 areas for low memory corruption
[    0.000000] RAMDISK: [mem 0x35a65000-0x36d29fff]
[    0.000000] ACPI: Early table checksum verification disabled
[    0.000000] ACPI: RSDP 0x00000000000E0000 000024 (v02 VBOX  )
[    0.000000] ACPI: XSDT 0x000000003FFF0030 00003C (v01 VBOX   VBOXXSDT 00000001 ASL  00000061)
[    0.000000] ACPI: FACP 0x000000003FFF00F0 0000F4 (v04 VBOX   VBOXFACP 00000001 ASL  00000061)
[    0.000000] ACPI: DSDT 0x000000003FFF0470 002325 (v02 VBOX   VBOXBIOS 00000002 INTL 20120111)
[    0.000000] ACPI: FACS 0x000000003FFF0200 000040
[    0.000000] ACPI: FACS 0x000000003FFF0200 000040
[    0.000000] ACPI: APIC 0x000000003FFF0240 00005C (v02 VBOX   VBOXAPIC 00000001 ASL  00000061)
[    0.000000] ACPI: SSDT 0x000000003FFF02A0 0001CC (v01 VBOX   VBOXCPUT 00000002 INTL 20120111)
[    0.000000] No NUMA configuration found
[    0.000000] Faking a node at [mem 0x0000000000000000-0x000000003ffeffff]
[    0.000000] NODE_DATA(0) allocated [mem 0x3ffc5000-0x3ffeffff]
[    0.000000] kvm-clock: cpu 0, msr 0:3ff44001, primary cpu clock
[    0.000000] kvm-clock: Using msrs 4b564d01 and 4b564d00
[    0.000000] kvm-clock: using sched offset of 3967084445 cycles
[    0.000000] clocksource: kvm-clock: mask: 0xffffffffffffffff max_cycles: 0x1cd42e4dffb, max_idle_ns: 881590591483 ns
[    0.000000] Zone ranges:
[    0.000000]   DMA      [mem 0x0000000000001000-0x0000000000ffffff]
[    0.000000]   DMA32    [mem 0x0000000001000000-0x000000003ffeffff]
[    0.000000]   Normal   empty
[    0.000000]   Device   empty
[    0.000000] Movable zone start for each node
[    0.000000] Early memory node ranges
[    0.000000]   node   0: [mem 0x0000000000001000-0x000000000009efff]
[    0.000000]   node   0: [mem 0x0000000000100000-0x000000003ffeffff]
[    0.000000] Reserved but unavailable: 98 pages
[    0.000000] Initmem setup node 0 [mem 0x0000000000001000-0x000000003ffeffff]
[    0.000000] ACPI: PM-Timer IO Port: 0x4008
[    0.000000] IOAPIC[0]: apic_id 2, version 32, address 0xfec00000, GSI 0-23
[    0.000000] ACPI: INT_SRC_OVR (bus 0 bus_irq 0 global_irq 2 dfl dfl)
[    0.000000] ACPI: INT_SRC_OVR (bus 0 bus_irq 9 global_irq 9 low level)
[    0.000000] Using ACPI (MADT) for SMP configuration information
[    0.000000] smpboot: Allowing 2 CPUs, 0 hotplug CPUs
[    0.000000] PM: Registered nosave memory: [mem 0x00000000-0x00000fff]
[    0.000000] PM: Registered nosave memory: [mem 0x0009f000-0x0009ffff]
[    0.000000] PM: Registered nosave memory: [mem 0x000a0000-0x000effff]
[    0.000000] PM: Registered nosave memory: [mem 0x000f0000-0x000fffff]
[    0.000000] e820: [mem 0x40000000-0xfebfffff] available for PCI devices
[    0.000000] Booting paravirtualized kernel on KVM
[    0.000000] clocksource: refined-jiffies: mask: 0xffffffff max_cycles: 0xffffffff, max_idle_ns: 7645519600211568 ns
[    0.000000] random: get_random_bytes called from start_kernel+0x99/0x500 with crng_init=0
[    0.000000] setup_percpu: NR_CPUS:8192 nr_cpumask_bits:2 nr_cpu_ids:2 nr_node_ids:1
[    0.000000] percpu: Embedded 45 pages/cpu s147456 r8192 d28672 u1048576
[    0.000000] PV qspinlock hash table entries: 256 (order: 0, 4096 bytes)
[    0.000000] Built 1 zonelists, mobility grouping on.  Total pages: 257913
[    0.000000] Policy zone: DMA32
[    0.000000] Kernel command line: BOOT_IMAGE=/boot/vmlinuz-4.15.0-126-generic root=LABEL=cloudimg-rootfs ro console=tty1 console=ttyS0
[    0.000000] Memory: 983016K/1048120K available (12300K kernel code, 2492K rwdata, 4264K rodata, 2440K init, 2724K bss, 65104K reserved, 0K cma-reserved)
[    0.000000] SLUB: HWalign=64, Order=0-3, MinObjects=0, CPUs=2, Nodes=1
[    0.000000] Kernel/User page tables isolation: enabled
[    0.000000] ftrace: allocating 39407 entries in 154 pages
[    0.004000] Hierarchical RCU implementation.
[    0.004000] 	RCU restricting CPUs from NR_CPUS=8192 to nr_cpu_ids=2.
[    0.004000] 	Tasks RCU enabled.
[    0.004000] RCU: Adjusting geometry for rcu_fanout_leaf=16, nr_cpu_ids=2
[    0.004000] NR_IRQS: 524544, nr_irqs: 440, preallocated irqs: 16
[    0.004000] Console: colour VGA+ 80x25
[    0.004000] console [tty1] enabled
[    0.004000] console [ttyS0] enabled
[    0.004000] ACPI: Core revision 20170831
[    0.004000] ACPI: 2 ACPI AML tables successfully acquired and loaded
[    0.004000] APIC: Switch to symmetric I/O mode setup
[    0.004000] x2apic enabled
[    0.004000] Switched APIC routing to physical x2apic.
[    0.004000] ..TIMER: vector=0x30 apic1=0 pin1=2 apic2=-1 pin2=-1
[    0.004005] tsc: Detected 1113.599 MHz processor
[    0.004937] Calibrating delay loop (skipped) preset value.. 2227.19 BogoMIPS (lpj=4454396)
[    0.005669] pid_max: default: 32768 minimum: 301
[    0.008028] Security Framework initialized
[    0.008890] Yama: becoming mindful.
[    0.009622] AppArmor: AppArmor initialized
[    0.011911] Dentry cache hash table entries: 131072 (order: 8, 1048576 bytes)
[    0.012064] Inode-cache hash table entries: 65536 (order: 7, 524288 bytes)
[    0.013404] Mount-cache hash table entries: 2048 (order: 2, 16384 bytes)
[    0.016011] Mountpoint-cache hash table entries: 2048 (order: 2, 16384 bytes)
[    0.017632] Last level iTLB entries: 4KB 0, 2MB 0, 4MB 0
[    0.018678] Last level dTLB entries: 4KB 0, 2MB 0, 4MB 0, 1GB 0
[    0.020004] Spectre V1 : Mitigation: usercopy/swapgs barriers and __user pointer sanitization
[    0.021644] Spectre V2 : Mitigation: Full generic retpoline
[    0.022860] Spectre V2 : Spectre v2 / SpectreRSB mitigation: Filling RSB on context switch
[    0.024002] Speculative Store Bypass: Vulnerable
[    0.025016] MDS: Mitigation: Clear CPU buffers
[    0.026110] Freeing SMP alternatives memory: 36K
[    0.138512] smpboot: CPU0: Intel(R) Core(TM) i3-1000NG4 CPU @ 1.10GHz (family: 0x6, model: 0x7e, stepping: 0x5)
[    0.140000] Performance Events: unsupported p6 CPU model 126 no PMU driver, software events only.
[    0.140041] Hierarchical SRCU implementation.
[    0.141615] NMI watchdog: Perf event create on CPU 0 failed with -2
[    0.144003] NMI watchdog: Perf NMI watchdog permanently disabled
[    0.145396] smp: Bringing up secondary CPUs ...
[    0.146565] x86: Booting SMP configuration:
[    0.147438] .... node  #0, CPUs:      #1
[    0.004000] kvm-clock: cpu 1, msr 0:3ff44041, secondary cpu clock
[    0.152022] smp: Brought up 1 node, 2 CPUs
[    0.152828] smpboot: Max logical packages: 1
[    0.153676] smpboot: Total of 2 processors activated (4454.39 BogoMIPS)
[    0.155156] devtmpfs: initialized
[    0.156056] x86/mm: Memory block size: 128MB
[    0.157036] evm: security.selinux
[    0.157740] evm: security.SMACK64
[    0.158481] evm: security.SMACK64EXEC
[    0.159236] evm: security.SMACK64TRANSMUTE
[    0.160003] evm: security.SMACK64MMAP
[    0.160752] evm: security.apparmor
[    0.161461] evm: security.ima
[    0.162077] evm: security.capability
[    0.162924] clocksource: jiffies: mask: 0xffffffff max_cycles: 0xffffffff, max_idle_ns: 7645041785100000 ns
[    0.164008] futex hash table entries: 512 (order: 3, 32768 bytes)
[    0.166453] pinctrl core: initialized pinctrl subsystem
[    0.168111] RTC time: 22:28:24, date: 02/08/21
[    0.169374] NET: Registered protocol family 16
[    0.170322] audit: initializing netlink subsys (disabled)
[    0.172034] audit: type=2000 audit(1612823309.729:1): state=initialized audit_enabled=0 res=1
[    0.174268] cpuidle: using governor ladder
[    0.174268] cpuidle: using governor menu
[    0.176034] ACPI: bus type PCI registered
[    0.176856] acpiphp: ACPI Hot Plug PCI Controller Driver version: 0.5
[    0.178215] PCI: Using configuration type 1 for base access
[    0.180836] HugeTLB registered 2.00 MiB page size, pre-allocated 0 pages
[    0.181343] ACPI: Added _OSI(Module Device)
[    0.181343] ACPI: Added _OSI(Processor Device)
[    0.184007] ACPI: Added _OSI(3.0 _SCP Extensions)
[    0.184946] ACPI: Added _OSI(Processor Aggregator Device)
[    0.186019] ACPI: Added _OSI(Linux-Dell-Video)
[    0.186908] ACPI: Added _OSI(Linux-Lenovo-NV-HDMI-Audio)
[    0.188004] ACPI: Added _OSI(Linux-HPI-Hybrid-Graphics)
[    0.189413] ACPI: Executed 1 blocks of module-level executable AML code
[    0.194477] ACPI: Interpreter enabled
[    0.195274] ACPI: (supports S0 S5)
[    0.195978] ACPI: Using IOAPIC for interrupt routing
[    0.196195] PCI: Using host bridge windows from ACPI; if necessary, use "pci=nocrs" and report a bug
[    0.198212] ACPI: Enabled 2 GPEs in block 00 to 07
[    0.206425] ACPI: PCI Root Bridge [PCI0] (domain 0000 [bus 00-ff])
[    0.207689] acpi PNP0A03:00: _OSC: OS supports [ASPM ClockPM Segments MSI]
[    0.208417] acpi PNP0A03:00: _OSC: not requesting OS control; OS requires [ExtendedConfig ASPM ClockPM MSI]
[    0.210329] acpi PNP0A03:00: fail to add MMCONFIG information, can't access extended PCI configuration space under this bridge.
[    0.212461] PCI host bridge to bus 0000:00
[    0.213339] pci_bus 0000:00: root bus resource [io  0x0000-0x0cf7 window]
[    0.216004] pci_bus 0000:00: root bus resource [io  0x0d00-0xffff window]
[    0.217492] pci_bus 0000:00: root bus resource [mem 0x000a0000-0x000bffff window]
[    0.218984] pci_bus 0000:00: root bus resource [mem 0x40000000-0xfdffffff window]
[    0.220004] pci_bus 0000:00: root bus resource [bus 00-ff]
[    0.224916] pci 0000:00:01.1: legacy IDE quirk: reg 0x10: [io  0x01f0-0x01f7]
[    0.226404] pci 0000:00:01.1: legacy IDE quirk: reg 0x14: [io  0x03f6]
[    0.227746] pci 0000:00:01.1: legacy IDE quirk: reg 0x18: [io  0x0170-0x0177]
[    0.228003] pci 0000:00:01.1: legacy IDE quirk: reg 0x1c: [io  0x0376]
[    0.245890] pci 0000:00:07.0: quirk: [io  0x4000-0x403f] claimed by PIIX4 ACPI
[    0.247424] pci 0000:00:07.0: quirk: [io  0x4100-0x410f] claimed by PIIX4 SMB
[    0.254539] ACPI: PCI Interrupt Link [LNKA] (IRQs 5 9 10 *11)
[    0.256085] ACPI: PCI Interrupt Link [LNKB] (IRQs 5 9 *10 11)
[    0.257330] ACPI: PCI Interrupt Link [LNKC] (IRQs 5 *9 10 11)
[    0.258657] ACPI: PCI Interrupt Link [LNKD] (IRQs 5 9 10 *11)
[    0.260235] SCSI subsystem initialized
[    0.261094] pci 0000:00:02.0: vgaarb: setting as boot VGA device
[    0.261199] pci 0000:00:02.0: vgaarb: VGA device added: decodes=io+mem,owns=io+mem,locks=none
[    0.262866] pci 0000:00:02.0: vgaarb: bridge control possible
[    0.264014] vgaarb: loaded
[    0.264638] ACPI: bus type USB registered
[    0.265481] usbcore: registered new interface driver usbfs
[    0.266596] usbcore: registered new interface driver hub
[    0.268023] usbcore: registered new device driver usb
[    0.269088] EDAC MC: Ver: 3.0.0
[    0.269088] PCI: Using ACPI for IRQ routing
[    0.272337] NetLabel: Initializing
[    0.273066] NetLabel:  domain hash size = 128
[    0.273938] NetLabel:  protocols = UNLABELED CIPSOv4 CALIPSO
[    0.275056] NetLabel:  unlabeled traffic allowed by default
[    0.276060] clocksource: Switched to clocksource kvm-clock
[    0.289136] VFS: Disk quotas dquot_6.6.0
[    0.290091] VFS: Dquot-cache hash table entries: 512 (order 0, 4096 bytes)
[    0.291546] AppArmor: AppArmor Filesystem Enabled
[    0.292720] pnp: PnP ACPI init
[    0.294929] pnp: PnP ACPI: found 3 devices
[    0.303977] clocksource: acpi_pm: mask: 0xffffff max_cycles: 0xffffff, max_idle_ns: 2085701024 ns
[    0.305881] NET: Registered protocol family 2
[    0.306931] TCP established hash table entries: 8192 (order: 4, 65536 bytes)
[    0.308523] TCP bind hash table entries: 8192 (order: 5, 131072 bytes)
[    0.310974] TCP: Hash tables configured (established 8192 bind 8192)
[    0.312527] UDP hash table entries: 512 (order: 2, 16384 bytes)
[    0.313691] UDP-Lite hash table entries: 512 (order: 2, 16384 bytes)
[    0.314960] NET: Registered protocol family 1
[    0.315853] pci 0000:00:00.0: Limiting direct PCI/PCI transfers
[    0.317075] pci 0000:00:01.0: Activating ISA DMA hang workarounds
[    0.318329] pci 0000:00:02.0: Video device with shadowed ROM at [mem 0x000c0000-0x000dffff]
[    0.320152] Unpacking initramfs...
[    0.648414] Freeing initrd memory: 19220K
[    0.649545] clocksource: tsc: mask: 0xffffffffffffffff max_cycles: 0x100d47dceae, max_idle_ns: 440795244181 ns
[    0.652631] platform rtc_cmos: registered platform RTC device (no PNP device found)
[    0.654276] Scanning for low memory corruption every 60 seconds
[    0.656148] Initialise system trusted keyrings
[    0.657122] Key type blacklist registered
[    0.658062] workingset: timestamp_bits=36 max_order=18 bucket_order=0
[    0.660062] zbud: loaded
[    0.661181] squashfs: version 4.0 (2009/01/31) Phillip Lougher
[    0.662671] fuse init (API version 7.26)
[    0.665435] Key type asymmetric registered
[    0.666276] Asymmetric key parser 'x509' registered
[    0.667438] Block layer SCSI generic (bsg) driver version 0.4 loaded (major 246)
[    0.669591] io scheduler noop registered
[    0.670402] io scheduler deadline registered
[    0.671279] io scheduler cfq registered (default)
[    0.672953] ACPI: AC Adapter [AC] (on-line)
[    0.673883] input: Power Button as /devices/LNXSYSTM:00/LNXPWRBN:00/input/input0
[    0.675565] ACPI: Power Button [PWRF]
[    0.676490] input: Sleep Button as /devices/LNXSYSTM:00/LNXSLPBN:00/input/input1
[    0.678003] ACPI: Sleep Button [SLPF]
[    0.680532] ACPI: Battery Slot [BAT0] (battery present)
[    0.681747] Serial: 8250/16550 driver, 32 ports, IRQ sharing enabled
[    0.704858] 00:02: ttyS0 at I/O 0x3f8 (irq = 4, base_baud = 115200) is a 16550A
[    0.709396] Linux agpgart interface v0.103
[    0.711642] loop: module loaded
[    0.712925] scsi host0: ata_piix
[    0.713715] scsi host1: ata_piix
[    0.714407] ata1: PATA max UDMA/33 cmd 0x1f0 ctl 0x3f6 bmdma 0xd000 irq 14
[    0.715732] ata2: PATA max UDMA/33 cmd 0x170 ctl 0x376 bmdma 0xd008 irq 15
[    0.717775] libphy: Fixed MDIO Bus: probed
[    0.718617] tun: Universal TUN/TAP device driver, 1.6
[    0.719711] PPP generic driver version 2.4.2
[    0.721175] ehci_hcd: USB 2.0 'Enhanced' Host Controller (EHCI) Driver
[    0.722960] ehci-pci: EHCI PCI platform driver
[    0.723885] ehci-platform: EHCI generic platform driver
[    0.725009] ohci_hcd: USB 1.1 'Open' Host Controller (OHCI) Driver
[    0.726233] ohci-pci: OHCI PCI platform driver
[    0.727182] ohci-platform: OHCI generic platform driver
[    0.728318] uhci_hcd: USB Universal Host Controller Interface driver
[    0.729712] i8042: PNP: PS/2 Controller [PNP0303:PS2K,PNP0f03:PS2M] at 0x60,0x64 irq 1,12
[    0.731748] serio: i8042 KBD port at 0x60,0x64 irq 1
[    0.732817] serio: i8042 AUX port at 0x60,0x64 irq 12
[    0.734091] mousedev: PS/2 mouse device common for all mice
[    0.735754] input: AT Translated Set 2 keyboard as /devices/platform/i8042/serio0/input/input2
[    0.737821] rtc_cmos rtc_cmos: rtc core: registered rtc_cmos as rtc0
[    0.739171] rtc_cmos rtc_cmos: alarms up to one day, 114 bytes nvram
[    0.740496] i2c /dev entries driver
[    0.741292] device-mapper: uevent: version 1.0.3
[    0.742347] device-mapper: ioctl: 4.37.0-ioctl (2017-09-20) initialised: dm-devel@redhat.com
[    0.744233] ledtrig-cpu: registered to indicate activity on CPUs
[    0.745999] NET: Registered protocol family 10
[    0.750619] Segment Routing with IPv6
[    0.751476] NET: Registered protocol family 17
[    0.752477] Key type dns_resolver registered
[    0.753564] mce: Using 0 MCE banks
[    0.754283] RAS: Correctable Errors collector initialized.
[    0.755375] sched_clock: Marking stable (753545577, 0)->(916538393, -162992816)
[    0.757317] registered taskstats version 1
[    0.758210] Loading compiled-in X.509 certificates
[    0.761309] Loaded X.509 cert 'Build time autogenerated kernel key: 24b6ce7d986f3307b9608c2edd0b61d009859433'
[    0.763337] zswap: loaded using pool lzo/zbud
[    0.767125] Key type big_key registered
[    0.767949] Key type trusted registered
[    0.770534] Key type encrypted registered
[    0.771369] AppArmor: AppArmor sha1 policy hashing enabled
[    0.772540] ima: No TPM chip found, activating TPM-bypass! (rc=-19)
[    0.773790] ima: Allocated hash algorithm: sha1
[    0.774709] evm: HMAC attrs: 0x1
[    0.775646]   Magic number: 9:835:501
[    0.776562] rtc_cmos rtc_cmos: setting system clock to 2021-02-08 22:28:24 UTC (1612823304)
[    0.778350] BIOS EDD facility v0.16 2004-Jun-25, 0 devices found
[    0.779811] EDD information not available.
[    0.903043] Freeing unused kernel image memory: 2440K
[    0.912146] Write protecting the kernel read-only data: 20480k
[    0.915504] Freeing unused kernel image memory: 2008K
[    0.917639] Freeing unused kernel image memory: 1880K
[    0.924947] x86/mm: Checked W+X mappings: passed, no W+X pages found.
[    0.927259] x86/mm: Checking user space page tables
[    0.933358] x86/mm: Checked W+X mappings: passed, no W+X pages found.
Loading, please wait...
starting version 237
[    0.992925] e1000: Intel(R) PRO/1000 Network Driver - version 7.3.21-k8-NAPI
[    0.994729] e1000: Copyright (c) 1999-2006 Intel Corporation.
[    0.999936] Fusion MPT base driver 3.04.20
[    1.000990] Copyright (c) 1999-2008 LSI Corporation
[    1.009321] Fusion MPT SPI Host driver 3.04.20
[    1.015982] AVX2 version of gcm_enc/dec engaged.
[    1.017380] AES CTR mode by8 optimization enabled
[    1.253442] input: ImExPS/2 Generic Explorer Mouse as /devices/platform/i8042/serio1/input/input4
[    1.418868] e1000 0000:00:03.0 eth0: (PCI:33MHz:32-bit) 02:2b:40:e2:86:51
[    1.421357] e1000 0000:00:03.0 eth0: Intel(R) PRO/1000 Network Connection
[    1.423940] mptbase: ioc0: Initiating bringup
[    1.424093] e1000 0000:00:03.0 enp0s3: renamed from eth0
[    1.692947] ioc0: LSI53C1030 A0: Capabilities={Initiator}
[    4.688762] scsi host2: ioc0: LSI53C1030 A0, FwRev=00000000h, Ports=1, MaxQ=256, IRQ=20
[    8.224907] scsi 2:0:0:0: Direct-Access     VBOX     HARDDISK         1.0  PQ: 0 ANSI: 5
[    8.574402] scsi target2:0:0: Beginning Domain Validation
[    8.578856] scsi target2:0:0: Domain Validation skipping write tests
[    8.580598] scsi target2:0:0: Ending Domain Validation
[    8.582117] scsi target2:0:0: asynchronous
[    8.583948] scsi 2:0:1:0: Direct-Access     VBOX     HARDDISK         1.0  PQ: 0 ANSI: 5
[    9.560325] scsi target2:0:1: Beginning Domain Validation
[    9.569782] random: fast init done
[    9.572664] scsi target2:0:1: Domain Validation skipping write tests
[    9.576276] scsi target2:0:1: Ending Domain Validation
[    9.579467] scsi target2:0:1: asynchronous
[    9.584845] random: systemd-udevd: uninitialized urandom read (16 bytes read)
[    9.586573] random: systemd-udevd: uninitialized urandom read (16 bytes read)
[    9.588223] random: systemd-udevd: uninitialized urandom read (16 bytes read)
[    9.590450] sd 2:0:0:0: Attached scsi generic sg0 type 0
[    9.591756] sd 2:0:0:0: [sda] 20971520 512-byte logical blocks: (10.7 GB/10.0 GiB)
[    9.594948] sd 2:0:1:0: Attached scsi generic sg1 type 0
[    9.594973] sd 2:0:0:0: [sda] Write Protect is off
[    9.600447] sd 2:0:1:0: [sdb] 20480 512-byte logical blocks: (10.5 MB/10.0 MiB)
[    9.602973] sd 2:0:0:0: [sda] Incomplete mode parameter data
[    9.604359] sd 2:0:0:0: [sda] Assuming drive cache: write through
[    9.605640] sd 2:0:1:0: [sdb] Write Protect is off
[    9.606787] sd 2:0:1:0: [sdb] Incomplete mode parameter data
[    9.607912] sd 2:0:1:0: [sdb] Assuming drive cache: write through
[    9.610944]  sda: sda1
[    9.614047] sd 2:0:1:0: [sdb] Attached SCSI disk
[    9.614440] sd 2:0:0:0: [sda] Attached SCSI disk
Begin: Loading essential drivers ... [   11.044205] raid6: sse2x1   gen() 12739 MB/s
[   11.092190] raid6: sse2x1   xor()  7930 MB/s
[   11.140151] raid6: sse2x2   gen() 16492 MB/s
[   11.188209] raid6: sse2x2   xor() 10220 MB/s
[   11.236155] raid6: sse2x4   gen() 16951 MB/s
[   11.284585] raid6: sse2x4   xor() 10637 MB/s
[   11.332030] raid6: avx2x1   gen() 24077 MB/s
[   11.380049] raid6: avx2x1   xor() 14856 MB/s
[   11.428209] raid6: avx2x2   gen() 31642 MB/s
[   11.476233] raid6: avx2x2   xor() 18808 MB/s
[   11.524102] raid6: avx2x4   gen() 30234 MB/s
[   11.572385] raid6: avx2x4   xor() 18999 MB/s
[   11.573859] raid6: using algorithm avx2x2 gen() 31642 MB/s
[   11.575157] raid6: .... xor() 18808 MB/s, rmw enabled
[   11.576145] raid6: using avx2x2 recovery algorithm
[   11.578561] xor: automatically using best checksumming function   avx       
[   11.581261] async_tx: api initialized (async)
done.
Begin: Running /scripts/init-premount ... done.
Begin: Mounting root file system ... Begin: Running /scripts/local-top ... done.
Begin: Running /scripts/local-premount ... [   11.625680] Btrfs loaded, crc32c=crc32c-intel
Scanning for Btrfs filesystems
done.
Warning: fsck not present, so skipping root file system
[   11.652732] EXT4-fs (sda1): mounted filesystem with ordered data mode. Opts: (null)
done.
Begin: Running /scripts/local-bottom ... done.
Begin: Running /scripts/init-bottom ... done.
[   11.818323] ip_tables: (C) 2000-2006 Netfilter Core Team
[   11.827938] systemd[1]: systemd 237 running in system mode. (+PAM +AUDIT +SELINUX +IMA +APPARMOR +SMACK +SYSVINIT +UTMP +LIBCRYPTSETUP +GCRYPT +GNUTLS +ACL +XZ +LZ4 +SECCOMP +BLKID +ELFUTILS +KMOD -IDN2 +IDN -PCRE2 default-hierarchy=hybrid)
[   11.832582] systemd[1]: Detected virtualization oracle.
[   11.833634] systemd[1]: Detected architecture x86-64.

Welcome to [1mUbuntu 18.04.5 LTS[0m!

[   11.839300] systemd[1]: Set hostname to <ansible>.
[   12.115349] systemd[1]: Reached target User and Group Name Lookups.
[[0;32m  OK  [0m] Reached target User and Group Name Lookups.
[   12.117868] systemd[1]: Started Forward Password Requests to Wall Directory Watch.
[[0;32m  OK  [0m] Started Forward Password Requests to Wall Directory Watch.
[   12.121432] systemd[1]: Set up automount Arbitrary Executable File Formats File System Automount Point.
[[0;32m  OK  [0m] Set up automount Arbitrary Executabâ€¦rmats File System Automount Point.
[   12.125652] systemd[1]: Reached target Swap.
[[0;32m  OK  [0m] Reached target Swap.
[   12.128953] systemd[1]: Created slice System Slice.
[[0;32m  OK  [0m] Created slice System Slice.
[   12.131264] systemd[1]: Listening on /dev/initctl Compatibility Named Pipe.
[[0;32m  OK  [0m] Listening on /dev/initctl Compatibility Named Pipe.
[[0;32m  OK  [0m] Listening on Syslog Socket.
[[0;32m  OK  [0m] Listening on Device-mapper event daemon FIFOs.
[[0;32m  OK  [0m] Listening on Network Service Netlink Socket.
[[0;32m  OK  [0m] Listening on LVM2 poll daemon socket.
[[0;32m  OK  [0m] Listening on Journal Audit Socket.
[[0;32m  OK  [0m] Listening on udev Control Socket.
[[0;32m  OK  [0m] Listening on udev Kernel Socket.
[[0;32m  OK  [0m] Created slice User and Session Slice.
[[0;32m  OK  [0m] Reached target Slices.
[[0;32m  OK  [0m] Reached target System Time Synchronized.
[[0;32m  OK  [0m] Listening on Journal Socket.
         Starting udev Coldplug all Devices...
         Mounting Huge Pages File System...
         Mounting POSIX Message Queue File System...
         Starting Remount Root and Kernel File Systems...
         Starting Uncomplicated firewall...
         Starting Load Kernel Modules...
         Starting Create list of required stâ€¦ce nodes for the current kernel...
         Mounting Kernel Debug File System...
[[0;32m  OK  [0m] Listening on Journal Socket (/dev/log).
         Starting Journal Service...
[[0;32m  OK  [0m] Listening on LVM2 metadata daemon socket.
         Starting Monitoring of LVM2 mirrorsâ€¦ng dmeventd or progress polling...
[[0;32m  OK  [0m] Created slice system-serial\x2dgetty.slice.
         Starting Set the console keyboard layout...
[[0;32m  OK  [0m] Mounted Huge Pages File System.
[[0;32m  OK  [0m] Mounted POSIX Message Queue File System.
[[0;32m  OK  [0m] Started Uncomplicated firewall.
[[0;32m  OK  [0m] Mounted Kernel Debug File System.
[   12.196938] Loading iSCSI transport class v2.0-870.
[   12.204585] iscsi: registered transport (tcp)
[[0;32m  OK  [0m] Started Create list of required staâ€¦vice nodes for the current kernel.
         Starting Create Static Device Nodes in /dev...
[[0;32m  OK  [0m] Started LVM2 metadata daemon.
[[0;32m  OK  [0m] Started udev Coldplug all Devices.
[   12.255983] EXT4-fs (sda1): re-mounted. Opts: (null)
[[0;32m  OK  [0m] Started Remount Root and Kernel File Systems.
         Starting Load/Save Random Seed...
[   12.292701] iscsi: registered transport (iser)
[[0;32m  OK  [0m] Started Load Kernel Modules.
[[0;32m  OK  [0m] Started Create Static Device Nodes in /dev.
         Starting udev Kernel Device Manager...
         Mounting Kernel Configuration File System...
         Mounting FUSE Control File System...
         Starting Apply Kernel Variables...
[[0;32m  OK  [0m] Mounted Kernel Configuration File System.
[[0;32m  OK  [0m] Mounted FUSE Control File System.
[[0;32m  OK  [0m] Started Load/Save Random Seed.
[[0;32m  OK  [0m] Started Monitoring of LVM2 mirrors,â€¦sing dmeventd or progress polling.
[[0;32m  OK  [0m] Started Journal Service.
         Starting Flush Journal to Persistent Storage...
[[0;32m  OK  [0m] Started udev Kernel Device Manager.
[[0;32m  OK  [0m] Started Apply Kernel Variables.
[[0;32m  OK  [0m] Started Set the console keyboard layout.
[[0;32m  OK  [0m] Reached target Local File Systems (Pre).
[[0;32m  OK  [0m] Reached target Local File Systems.
         Starting Tell Plymouth To Write Out Runtime Data...
         Starting Set console font and keymap...
         Starting AppArmor initialization...
         Starting ebtables ruleset management...
         Mounting /vagrant...
[[0;32m  OK  [0m] Started Dispatch Password Requests to Console Directory Watch.
[[0;32m  OK  [0m] Reached target Local Encrypted Volumes.
[[0;32m  OK  [0m] Started Flush Journal to Persistent Storage.
[[0;32m  OK  [0m] Started Tell Plymouth To Write Out Runtime Data.
[[0;32m  OK  [0m] Started Set console font and keymap.
         Starting Create Volatile Files and Directories...
[[0;32m  OK  [0m] Started Create Volatile Files and Directories.
         Starting Update UTMP about System Boot/Shutdown...
[[0;32m  OK  [0m] Started ebtables ruleset management.
[[0;32m  OK  [0m] Mounted /vagrant.
[[0;32m  OK  [0m] Started Update UTMP about System Boot/Shutdown.
[[0;32m  OK  [0m] Found device /dev/ttyS0.
[[0;32m  OK  [0m] Listening on Load/Save RF Kill Switch Status /dev/rfkill Watch.
[[0;32m  OK  [0m] Started AppArmor initialization.
         Starting Load AppArmor profiles managed internally by snapd...
         Starting Initial cloud-init job (pre-networking)...
[[0;32m  OK  [0m] Started Load AppArmor profiles managed internally by snapd.
[   14.026636] cloud-init[562]: Cloud-init v. 20.3-2-g371b392c-0ubuntu1~18.04.1 running 'init-local' at Mon, 08 Feb 2021 22:28:37 +0000. Up 13.81 seconds.
[[0;32m  OK  [0m] Started Initial cloud-init job (pre-networking).
[[0;32m  OK  [0m] Reached target Network (Pre).
         Starting Network Service...
[[0;32m  OK  [0m] Started Network Service.
         Starting Network Name Resolution...
         Starting Wait for Network to be Configured...
[[0;32m  OK  [0m] Started Network Name Resolution.
[[0;32m  OK  [0m] Reached target Host and Network Name Lookups.
[[0;32m  OK  [0m] Reached target Network.
[[0;32m  OK  [0m] Started Wait for Network to be Configured.
         Starting Initial cloud-init job (metadata service crawler)...
[   15.989515] cloud-init[690]: Cloud-init v. 20.3-2-g371b392c-0ubuntu1~18.04.1 running 'init' at Mon, 08 Feb 2021 22:28:39 +0000. Up 15.85 seconds.
[   15.992175] cloud-init[690]: ci-info: ++++++++++++++++++++++++++++++++++++++Net device info++++++++++++++++++++++++++++++++++++++
[   15.994797] cloud-init[690]: ci-info: +--------+------+----------------------------+---------------+--------+-------------------+
[   15.996757] cloud-init[690]: ci-info: | Device |  Up  |          Address           |      Mask     | Scope  |     Hw-Address    |
[   15.998599] cloud-init[690]: ci-info: +--------+------+----------------------------+---------------+--------+-------------------+
[   16.001169] cloud-init[690]: ci-info: | enp0s3 | True |         10.0.2.15          | 255.255.255.0 | global | 02:2b:40:e2:86:51 |
[   16.003454] cloud-init[690]: ci-info: | enp0s3 | True | fe80::2b:40ff:fee2:8651/64 |       .       |  link  | 02:2b:40:e2:86:51 |
[   16.005770] cloud-init[690]: ci-info: |   lo   | True |         127.0.0.1          |   255.0.0.0   |  host  |         .         |
[   16.008237] cloud-init[690]: ci-info: |   lo   | True |          ::1/128           |       .       |  host  |         .         |
[   16.010757] cloud-init[690]: ci-info: +--------+------+----------------------------+---------------+--------+-------------------+
[   16.013183] cloud-init[690]: ci-info: ++++++++++++++++++++++++++++Route IPv4 info+++++++++++++++++++++++++++++
[   16.015614] cloud-init[690]: ci-info: +-------+-------------+----------+-----------------+-----------+-------+
[   16.017774] cloud-init[690]: ci-info: | Route | Destination | Gateway  |     Genmask     | Interface | Flags |
[   16.019795] cloud-init[690]: ci-info: +-------+-------------+----------+-----------------+-----------+-------+
[   16.022053] cloud-init[690]: ci-info: |   0   |   0.0.0.0   | 10.0.2.2 |     0.0.0.0     |   enp0s3  |   UG  |
[   16.024804] cloud-init[690]: ci-info: |   1   |   10.0.2.0  | 0.0.0.0  |  255.255.255.0  |   enp0s3  |   U   |
[   16.026929] cloud-init[690]: ci-info: |   2   |   10.0.2.2  | 0.0.0.0  | 255.255.255.255 |   enp0s3  |   UH  |
[   16.029161] cloud-init[690]: ci-info: +-------+-------------+----------+-----------------+-----------+-------+
[   16.031889] cloud-init[690]: ci-info: +++++++++++++++++++Route IPv6 info+++++++++++++++++++
[   16.033637] cloud-init[690]: ci-info: +-------+-------------+---------+-----------+-------+
[   16.035145] cloud-init[690]: ci-info: | Route | Destination | Gateway | Interface | Flags |
[   16.037173] cloud-init[690]: ci-info: +-------+-------------+---------+-----------+-------+
[   16.039022] cloud-init[690]: ci-info: |   1   |  fe80::/64  |    ::   |   enp0s3  |   U   |
[   16.041037] cloud-init[690]: ci-info: |   3   |    local    |    ::   |   enp0s3  |   U   |
[   16.042911] cloud-init[690]: ci-info: |   4   |   ff00::/8  |    ::   |   enp0s3  |   U   |
[   16.045013] cloud-init[690]: ci-info: +-------+-------------+---------+-----------+-------+
[[0;32m  OK  [0m] Started Initial cloud-init job (metadata service crawler).
[[0;32m  OK  [0m] Reached target System Initialization.
[[0;32m  OK  [0m] Started Message of the Day.
[[0;32m  OK  [0m] Started ACPI Events Check.
[[0;32m  OK  [0m] Listening on UUID daemon activation socket.
[[0;32m  OK  [0m] Reached target Paths.
[[0;32m  OK  [0m] Started Daily apt download activities.
         Starting Socket activation for snappy daemon.
         Starting LXD - unix socket.
[[0;32m  OK  [0m] Listening on ACPID Listen Socket.
[[0;32m  OK  [0m] Listening on D-Bus System Message Bus Socket.
[[0;32m  OK  [0m] Started Discard unused blocks once a week.
[[0;32m  OK  [0m] Started Daily Cleanup of Temporary Directories.
[[0;32m  OK  [0m] Listening on Open-iSCSI iscsid Socket.
[[0;32m  OK  [0m] Started Daily apt upgrade and clean activities.
[[0;32m  OK  [0m] Reached target Timers.
[[0;32m  OK  [0m] Reached target Network is Online.
[[0;32m  OK  [0m] Reached target Remote File Systems (Pre).
[[0;32m  OK  [0m] Reached target Remote File Systems.
         Starting Availability of block devices...
[[0;32m  OK  [0m] Reached target Cloud-config availability.
[[0;32m  OK  [0m] Listening on Socket activation for snappy daemon.
[[0;32m  OK  [0m] Listening on LXD - unix socket.
[[0;32m  OK  [0m] Started Availability of block devices.
[[0;32m  OK  [0m] Reached target Sockets.
[[0;32m  OK  [0m] Reached target Basic System.
[[0;32m  OK  [0m] Started irqbalance daemon.
         Starting System Logging Service...
         Starting Permit User Sessions...
         Starting Virtualbox guest utils...
         Starting LSB: automatic crash report generation...
         Starting LXD - container startup/shutdown...
         Starting LSB: Record successful boot for GRUB...
[[0;32m  OK  [0m] Started Deferred execution scheduler.
         Starting Message of the Day...
         Starting Discard unused blocks...
         Starting Login Service...
[[0;32m  OK  [0m] Started FUSE filesystem for LXC.
         Starting Dispatcher daemon for systemd-networkd...
         Starting Accounts Service...
[[0;32m  OK  [0m] Started Regular background program processing daemon.
         Starting OpenBSD Secure Shell server...
[[0;32m  OK  [0m] Started D-Bus System Message Bus.
[[0;32m  OK  [0m] Started Login Service.
[[0;32m  OK  [0m] Started Unattended Upgrades Shutdown.
         Starting Snap Daemon...
[[0;32m  OK  [0m] Started System Logging Service.
[[0;32m  OK  [0m] Started Permit User Sessions.
[[0;32m  OK  [0m] Started LXD - container startup/shutdown.
[[0;32m  OK  [0m] Started Discard unused blocks.
[[0;32m  OK  [0m] Started OpenBSD Secure Shell server.
         Starting Hold until boot process finishes up...
         Starting Terminate Plymouth Boot Screen...
[[0;32m  OK  [0m] Started Hold until boot process finishes up.
         Starting Set console scheme...
[[0;32m  OK  [0m] Started Serial Getty on ttyS0.
[[0;32m  OK  [0m] Started Terminate Plymouth Boot Screen.
[[0;32m  OK  [0m] Started Set console scheme.
[[0;32m  OK  [0m] Created slice system-getty.slice.
[[0;32m  OK  [0m] Started Getty on tty1.
[[0;32m  OK  [0m] Reached target Login Prompts.
         Starting Authorization Manager...
[[0;32m  OK  [0m] Started LSB: automatic crash report generation.
[[0;32m  OK  [0m] Started LSB: Record successful boot for GRUB.
[[0;32m  OK  [0m] Started Authorization Manager.
[[0;32m  OK  [0m] Started Accounts Service.
[[0;32m  OK  [0m] Started Virtualbox guest utils.
[[0;32m  OK  [0m] Started Dispatcher daemon for systemd-networkd.
[[0;32m  OK  [0m] Started Snap Daemon.
         Starting Wait until snapd is fully seeded...
[[0;32m  OK  [0m] Started Wait until snapd is fully seeded.
[[0;32m  OK  [0m] Reached target Multi-User System.
[[0;32m  OK  [0m] Reached target Graphical Interface.
         Starting Update UTMP about System Runlevel Changes...
         Starting Apply the settings specified in cloud-config...
[[0;32m  OK  [0m] Started Update UTMP about System Runlevel Changes.
[   18.039341] cloud-init[1099]: Cloud-init v. 20.3-2-g371b392c-0ubuntu1~18.04.1 running 'modules:config' at Mon, 08 Feb 2021 22:28:41 +0000. Up 17.94 seconds.
[[0;32m  OK  [0m] Started Apply the settings specified in cloud-config.
         Starting Execute cloud user/final scripts...
[[0;32m  OK  [0m] Started Message of the Day.
[   18.547981] cloud-init[1134]: Cloud-init v. 20.3-2-g371b392c-0ubuntu1~18.04.1 running 'modules:final' at Mon, 08 Feb 2021 22:28:42 +0000. Up 18.44 seconds.
[   18.550985] cloud-init[1134]: Cloud-init v. 20.3-2-g371b392c-0ubuntu1~18.04.1 finished at Mon, 08 Feb 2021 22:28:42 +0000. Datasource DataSourceNoCloud [seed=/dev/sdb][dsmode=net].  Up 18.54 seconds
[[0;32m  OK  [0m] Started Execute cloud user/final scripts.
[[0;32m  OK  [0m] Reached target Cloud-init target.
         Starting Daily apt download activities...

Ubuntu 18.04.5 LTS ansible ttyS0

ansible login:          Stopping LSB: automatic crash report generation...
[[0;32m  OK  [0m] Stopped LSB: automatic crash report generation.
         Starting LSB: automatic crash report generation...
[[0;32m  OK  [0m] Started LSB: automatic crash report generation.
[[0;32m  OK  [0m] Stopped Daily apt upgrade and clean activities.
         Stopping Daily apt upgrade and clean activities.
[[0;32m  OK  [0m] Started Daily apt upgrade and clean activities.
[[0;32m  OK  [0m] Stopped Daily apt download activities.
         Stopping Daily apt download activities.
[[0;32m  OK  [0m] Started Daily apt download activities.
[[0;32m  OK  [0m] Started Daily apt upgrade and clean activities.
